// Jest Snapshot v1, https://goo.gl/fbAQLP

exports[`MovieCard should match the snapshot 1`] = `
ShallowWrapper {
  Symbol(enzyme.__root__): [Circular],
  Symbol(enzyme.__unrendered__): <MovieCard
    addFavorite={[Function]}
    addFavoriteToState={[Function]}
    currentUser={
        Object {
            "email": "asdf",
            "id": 2,
            "name": "asdf",
            "password": "asdf",
          }
    }
    getFavorites={[Function]}
    movie={
        Object {
            "favorite": false,
            "movie_id": 353081,
            "overview": "When an IMF mission ends badly, the world is faced with dire consequences. As Ethan Hunt takes it upon himself to fulfil his original briefing, the CIA begin to question his loyalty and his motives. The IMF team find themselves in a race against time, hunted by assassins while trying to prevent a global catastrophe.",
            "poster_path": "http://image.tmdb.org/t/p/original/AkJQpZp9WoNdj7pLYSj1L0RcMMN.jpg",
            "release_date": "2018-07-25",
            "title": "Mission: Impossible - Fallout",
            "vote_average": 7.3,
          }
    }
    removeFavorite={[Function]}
    removeFavoriteFromState={[Function]}
    setFavoritesErrorState={[Function]}
    toggleMovieStatus={[Function]}
/>,
  Symbol(enzyme.__renderer__): Object {
    "batchedUpdates": [Function],
    "getNode": [Function],
    "render": [Function],
    "simulateEvent": [Function],
    "unmount": [Function],
  },
  Symbol(enzyme.__node__): Object {
    "instance": null,
    "key": undefined,
    "nodeType": "host",
    "props": Object {
      "children": <div
        className="display-none"
>
        <h3>
                Mission: Impossible - Fallout
        </h3>
        <p>
                Released: 
                2018-07-25
        </p>
        <p
                className="overview-text"
        >
                When an IMF mission ends badly, the world is faced with dire consequences. As Ethan Hunt takes it upon himself to fulfil his original briefing, the CI...
        </p>
        <div>
                <StarRatingComponent
                        editing={false}
                        emptyStarColor="#333"
                        name="rate2"
                        renderStarIcon={[Function]}
                        starColor="#ffb400"
                        starCount={10}
                        value={7.3}
                />
        </div>
        <i
                className="star far fa-heart"
                onClick={[Function]}
        />
        <i
                className="view-trailer fas fa-video"
                onClick={[Function]}
        />
        <p
                className="favorite-error"
        />
</div>,
      "className": "movie-card",
      "onMouseEnter": [Function],
      "onMouseLeave": [Function],
      "style": Object {
        "backgroundImage": "url(http://image.tmdb.org/t/p/original/AkJQpZp9WoNdj7pLYSj1L0RcMMN.jpg)",
      },
    },
    "ref": null,
    "rendered": Object {
      "instance": null,
      "key": undefined,
      "nodeType": "host",
      "props": Object {
        "children": Array [
          <h3>
            Mission: Impossible - Fallout
</h3>,
          <p>
            Released: 
            2018-07-25
</p>,
          <p
            className="overview-text"
>
            When an IMF mission ends badly, the world is faced with dire consequences. As Ethan Hunt takes it upon himself to fulfil his original briefing, the CI...
</p>,
          <div>
            <StarRatingComponent
                        editing={false}
                        emptyStarColor="#333"
                        name="rate2"
                        renderStarIcon={[Function]}
                        starColor="#ffb400"
                        starCount={10}
                        value={7.3}
            />
</div>,
          <i
            className="star far fa-heart"
            onClick={[Function]}
/>,
          <i
            className="view-trailer fas fa-video"
            onClick={[Function]}
/>,
          <p
            className="favorite-error"
/>,
        ],
        "className": "display-none",
      },
      "ref": null,
      "rendered": Array [
        Object {
          "instance": null,
          "key": undefined,
          "nodeType": "host",
          "props": Object {
            "children": "Mission: Impossible - Fallout",
          },
          "ref": null,
          "rendered": "Mission: Impossible - Fallout",
          "type": "h3",
        },
        Object {
          "instance": null,
          "key": undefined,
          "nodeType": "host",
          "props": Object {
            "children": Array [
              "Released: ",
              "2018-07-25",
            ],
          },
          "ref": null,
          "rendered": Array [
            "Released: ",
            "2018-07-25",
          ],
          "type": "p",
        },
        Object {
          "instance": null,
          "key": undefined,
          "nodeType": "host",
          "props": Object {
            "children": "When an IMF mission ends badly, the world is faced with dire consequences. As Ethan Hunt takes it upon himself to fulfil his original briefing, the CI...",
            "className": "overview-text",
          },
          "ref": null,
          "rendered": "When an IMF mission ends badly, the world is faced with dire consequences. As Ethan Hunt takes it upon himself to fulfil his original briefing, the CI...",
          "type": "p",
        },
        Object {
          "instance": null,
          "key": undefined,
          "nodeType": "host",
          "props": Object {
            "children": <StarRatingComponent
              editing={false}
              emptyStarColor="#333"
              name="rate2"
              renderStarIcon={[Function]}
              starColor="#ffb400"
              starCount={10}
              value={7.3}
/>,
          },
          "ref": null,
          "rendered": Object {
            "instance": null,
            "key": undefined,
            "nodeType": "class",
            "props": Object {
              "editing": false,
              "emptyStarColor": "#333",
              "name": "rate2",
              "renderStarIcon": [Function],
              "starColor": "#ffb400",
              "starCount": 10,
              "value": 7.3,
            },
            "ref": null,
            "rendered": null,
            "type": [Function],
          },
          "type": "div",
        },
        Object {
          "instance": null,
          "key": undefined,
          "nodeType": "host",
          "props": Object {
            "className": "star far fa-heart",
            "onClick": [Function],
          },
          "ref": null,
          "rendered": null,
          "type": "i",
        },
        Object {
          "instance": null,
          "key": undefined,
          "nodeType": "host",
          "props": Object {
            "className": "view-trailer fas fa-video",
            "onClick": [Function],
          },
          "ref": null,
          "rendered": null,
          "type": "i",
        },
        Object {
          "instance": null,
          "key": undefined,
          "nodeType": "host",
          "props": Object {
            "children": undefined,
            "className": "favorite-error",
          },
          "ref": null,
          "rendered": null,
          "type": "p",
        },
      ],
      "type": "div",
    },
    "type": "div",
  },
  Symbol(enzyme.__nodes__): Array [
    Object {
      "instance": null,
      "key": undefined,
      "nodeType": "host",
      "props": Object {
        "children": <div
          className="display-none"
>
          <h3>
                    Mission: Impossible - Fallout
          </h3>
          <p>
                    Released: 
                    2018-07-25
          </p>
          <p
                    className="overview-text"
          >
                    When an IMF mission ends badly, the world is faced with dire consequences. As Ethan Hunt takes it upon himself to fulfil his original briefing, the CI...
          </p>
          <div>
                    <StarRatingComponent
                              editing={false}
                              emptyStarColor="#333"
                              name="rate2"
                              renderStarIcon={[Function]}
                              starColor="#ffb400"
                              starCount={10}
                              value={7.3}
                    />
          </div>
          <i
                    className="star far fa-heart"
                    onClick={[Function]}
          />
          <i
                    className="view-trailer fas fa-video"
                    onClick={[Function]}
          />
          <p
                    className="favorite-error"
          />
</div>,
        "className": "movie-card",
        "onMouseEnter": [Function],
        "onMouseLeave": [Function],
        "style": Object {
          "backgroundImage": "url(http://image.tmdb.org/t/p/original/AkJQpZp9WoNdj7pLYSj1L0RcMMN.jpg)",
        },
      },
      "ref": null,
      "rendered": Object {
        "instance": null,
        "key": undefined,
        "nodeType": "host",
        "props": Object {
          "children": Array [
            <h3>
              Mission: Impossible - Fallout
</h3>,
            <p>
              Released: 
              2018-07-25
</p>,
            <p
              className="overview-text"
>
              When an IMF mission ends badly, the world is faced with dire consequences. As Ethan Hunt takes it upon himself to fulfil his original briefing, the CI...
</p>,
            <div>
              <StarRatingComponent
                            editing={false}
                            emptyStarColor="#333"
                            name="rate2"
                            renderStarIcon={[Function]}
                            starColor="#ffb400"
                            starCount={10}
                            value={7.3}
              />
</div>,
            <i
              className="star far fa-heart"
              onClick={[Function]}
/>,
            <i
              className="view-trailer fas fa-video"
              onClick={[Function]}
/>,
            <p
              className="favorite-error"
/>,
          ],
          "className": "display-none",
        },
        "ref": null,
        "rendered": Array [
          Object {
            "instance": null,
            "key": undefined,
            "nodeType": "host",
            "props": Object {
              "children": "Mission: Impossible - Fallout",
            },
            "ref": null,
            "rendered": "Mission: Impossible - Fallout",
            "type": "h3",
          },
          Object {
            "instance": null,
            "key": undefined,
            "nodeType": "host",
            "props": Object {
              "children": Array [
                "Released: ",
                "2018-07-25",
              ],
            },
            "ref": null,
            "rendered": Array [
              "Released: ",
              "2018-07-25",
            ],
            "type": "p",
          },
          Object {
            "instance": null,
            "key": undefined,
            "nodeType": "host",
            "props": Object {
              "children": "When an IMF mission ends badly, the world is faced with dire consequences. As Ethan Hunt takes it upon himself to fulfil his original briefing, the CI...",
              "className": "overview-text",
            },
            "ref": null,
            "rendered": "When an IMF mission ends badly, the world is faced with dire consequences. As Ethan Hunt takes it upon himself to fulfil his original briefing, the CI...",
            "type": "p",
          },
          Object {
            "instance": null,
            "key": undefined,
            "nodeType": "host",
            "props": Object {
              "children": <StarRatingComponent
                editing={false}
                emptyStarColor="#333"
                name="rate2"
                renderStarIcon={[Function]}
                starColor="#ffb400"
                starCount={10}
                value={7.3}
/>,
            },
            "ref": null,
            "rendered": Object {
              "instance": null,
              "key": undefined,
              "nodeType": "class",
              "props": Object {
                "editing": false,
                "emptyStarColor": "#333",
                "name": "rate2",
                "renderStarIcon": [Function],
                "starColor": "#ffb400",
                "starCount": 10,
                "value": 7.3,
              },
              "ref": null,
              "rendered": null,
              "type": [Function],
            },
            "type": "div",
          },
          Object {
            "instance": null,
            "key": undefined,
            "nodeType": "host",
            "props": Object {
              "className": "star far fa-heart",
              "onClick": [Function],
            },
            "ref": null,
            "rendered": null,
            "type": "i",
          },
          Object {
            "instance": null,
            "key": undefined,
            "nodeType": "host",
            "props": Object {
              "className": "view-trailer fas fa-video",
              "onClick": [Function],
            },
            "ref": null,
            "rendered": null,
            "type": "i",
          },
          Object {
            "instance": null,
            "key": undefined,
            "nodeType": "host",
            "props": Object {
              "children": undefined,
              "className": "favorite-error",
            },
            "ref": null,
            "rendered": null,
            "type": "p",
          },
        ],
        "type": "div",
      },
      "type": "div",
    },
  ],
  Symbol(enzyme.__options__): Object {
    "adapter": ReactSixteenAdapter {
      "options": Object {
        "enableComponentDidUpdateOnSetState": true,
        "lifecycles": Object {
          "componentDidUpdate": Object {
            "onSetState": true,
          },
          "getDerivedStateFromProps": true,
          "getSnapshotBeforeUpdate": true,
          "setState": Object {
            "skipsComponentDidUpdateOnNullish": true,
          },
        },
      },
    },
    "attachTo": undefined,
    "hydrateIn": undefined,
  },
}
`;
