// Jest Snapshot v1, https://goo.gl/fbAQLP

exports[`MovieCard should match the snapshot 1`] = `
ShallowWrapper {
  Symbol(enzyme.__root__): [Circular],
  Symbol(enzyme.__unrendered__): <MovieCard
    currentUser={
        Object {
            "email": "asdf",
            "id": 2,
            "name": "asdf",
            "password": "asdf",
          }
    }
    movie={
        Object {
            "favorite": false,
            "movie_id": 353081,
            "overview": "When an IMF mission ends badly, the world is faced with dire consequences. As Ethan Hunt takes it upon himself to fulfil his original briefing, the CIA begin to question his loyalty and his motives. The IMF team find themselves in a race against time, hunted by assassins while trying to prevent a global catastrophe.",
            "poster_path": "http://image.tmdb.org/t/p/original/AkJQpZp9WoNdj7pLYSj1L0RcMMN.jpg",
            "release_date": "2018-07-25",
            "title": "Mission: Impossible - Fallout",
            "trailer": "https://www.youtube.com/embed/wb49-oV0F78",
            "vote_average": 7.3,
          }
    }
/>,
  Symbol(enzyme.__renderer__): Object {
    "batchedUpdates": [Function],
    "getNode": [Function],
    "render": [Function],
    "simulateEvent": [Function],
    "unmount": [Function],
  },
  Symbol(enzyme.__node__): Object {
    "instance": null,
    "key": undefined,
    "nodeType": "host",
    "props": Object {
      "children": Array [
        <h1>
          Mission: Impossible - Fallout
</h1>,
        <p>
          2018-07-25
</p>,
        <p>
          When an IMF mission ends badly, the world is faced with dire consequences. As Ethan Hunt takes it upon himself to fulfil his original briefing, the CIA begin to question his loyalty and his motives. The IMF team find themselves in a race against time, hunted by assassins while trying to prevent a global catastrophe.
</p>,
        <p>
          7.3
</p>,
        <img
          alt="movie poster"
          src="http://image.tmdb.org/t/p/original/AkJQpZp9WoNdj7pLYSj1L0RcMMN.jpg"
          width="150"
/>,
        <i
          className="star far fa-heart"
          onClick={[Function]}
/>,
      ],
      "className": "movie-card",
    },
    "ref": null,
    "rendered": Array [
      Object {
        "instance": null,
        "key": undefined,
        "nodeType": "host",
        "props": Object {
          "children": "Mission: Impossible - Fallout",
        },
        "ref": null,
        "rendered": "Mission: Impossible - Fallout",
        "type": "h1",
      },
      Object {
        "instance": null,
        "key": undefined,
        "nodeType": "host",
        "props": Object {
          "children": "2018-07-25",
        },
        "ref": null,
        "rendered": "2018-07-25",
        "type": "p",
      },
      Object {
        "instance": null,
        "key": undefined,
        "nodeType": "host",
        "props": Object {
          "children": "When an IMF mission ends badly, the world is faced with dire consequences. As Ethan Hunt takes it upon himself to fulfil his original briefing, the CIA begin to question his loyalty and his motives. The IMF team find themselves in a race against time, hunted by assassins while trying to prevent a global catastrophe.",
        },
        "ref": null,
        "rendered": "When an IMF mission ends badly, the world is faced with dire consequences. As Ethan Hunt takes it upon himself to fulfil his original briefing, the CIA begin to question his loyalty and his motives. The IMF team find themselves in a race against time, hunted by assassins while trying to prevent a global catastrophe.",
        "type": "p",
      },
      Object {
        "instance": null,
        "key": undefined,
        "nodeType": "host",
        "props": Object {
          "children": 7.3,
        },
        "ref": null,
        "rendered": 7.3,
        "type": "p",
      },
      Object {
        "instance": null,
        "key": undefined,
        "nodeType": "host",
        "props": Object {
          "alt": "movie poster",
          "src": "http://image.tmdb.org/t/p/original/AkJQpZp9WoNdj7pLYSj1L0RcMMN.jpg",
          "width": "150",
        },
        "ref": null,
        "rendered": null,
        "type": "img",
      },
      Object {
        "instance": null,
        "key": undefined,
        "nodeType": "host",
        "props": Object {
          "className": "star far fa-heart",
          "onClick": [Function],
        },
        "ref": null,
        "rendered": null,
        "type": "i",
      },
    ],
    "type": "div",
  },
  Symbol(enzyme.__nodes__): Array [
    Object {
      "instance": null,
      "key": undefined,
      "nodeType": "host",
      "props": Object {
        "children": Array [
          <h1>
            Mission: Impossible - Fallout
</h1>,
          <p>
            2018-07-25
</p>,
          <p>
            When an IMF mission ends badly, the world is faced with dire consequences. As Ethan Hunt takes it upon himself to fulfil his original briefing, the CIA begin to question his loyalty and his motives. The IMF team find themselves in a race against time, hunted by assassins while trying to prevent a global catastrophe.
</p>,
          <p>
            7.3
</p>,
          <img
            alt="movie poster"
            src="http://image.tmdb.org/t/p/original/AkJQpZp9WoNdj7pLYSj1L0RcMMN.jpg"
            width="150"
/>,
          <i
            className="star far fa-heart"
            onClick={[Function]}
/>,
        ],
        "className": "movie-card",
      },
      "ref": null,
      "rendered": Array [
        Object {
          "instance": null,
          "key": undefined,
          "nodeType": "host",
          "props": Object {
            "children": "Mission: Impossible - Fallout",
          },
          "ref": null,
          "rendered": "Mission: Impossible - Fallout",
          "type": "h1",
        },
        Object {
          "instance": null,
          "key": undefined,
          "nodeType": "host",
          "props": Object {
            "children": "2018-07-25",
          },
          "ref": null,
          "rendered": "2018-07-25",
          "type": "p",
        },
        Object {
          "instance": null,
          "key": undefined,
          "nodeType": "host",
          "props": Object {
            "children": "When an IMF mission ends badly, the world is faced with dire consequences. As Ethan Hunt takes it upon himself to fulfil his original briefing, the CIA begin to question his loyalty and his motives. The IMF team find themselves in a race against time, hunted by assassins while trying to prevent a global catastrophe.",
          },
          "ref": null,
          "rendered": "When an IMF mission ends badly, the world is faced with dire consequences. As Ethan Hunt takes it upon himself to fulfil his original briefing, the CIA begin to question his loyalty and his motives. The IMF team find themselves in a race against time, hunted by assassins while trying to prevent a global catastrophe.",
          "type": "p",
        },
        Object {
          "instance": null,
          "key": undefined,
          "nodeType": "host",
          "props": Object {
            "children": 7.3,
          },
          "ref": null,
          "rendered": 7.3,
          "type": "p",
        },
        Object {
          "instance": null,
          "key": undefined,
          "nodeType": "host",
          "props": Object {
            "alt": "movie poster",
            "src": "http://image.tmdb.org/t/p/original/AkJQpZp9WoNdj7pLYSj1L0RcMMN.jpg",
            "width": "150",
          },
          "ref": null,
          "rendered": null,
          "type": "img",
        },
        Object {
          "instance": null,
          "key": undefined,
          "nodeType": "host",
          "props": Object {
            "className": "star far fa-heart",
            "onClick": [Function],
          },
          "ref": null,
          "rendered": null,
          "type": "i",
        },
      ],
      "type": "div",
    },
  ],
  Symbol(enzyme.__options__): Object {
    "adapter": ReactSixteenAdapter {
      "options": Object {
        "enableComponentDidUpdateOnSetState": true,
        "lifecycles": Object {
          "componentDidUpdate": Object {
            "onSetState": true,
          },
          "getDerivedStateFromProps": true,
          "getSnapshotBeforeUpdate": true,
          "setState": Object {
            "skipsComponentDidUpdateOnNullish": true,
          },
        },
      },
    },
    "attachTo": undefined,
    "hydrateIn": undefined,
  },
}
`;
