// Jest Snapshot v1, https://goo.gl/fbAQLP

exports[`Register should match the snapshot 1`] = `
ShallowWrapper {
  Symbol(enzyme.__root__): [Circular],
  Symbol(enzyme.__unrendered__): <Register
    error=""
    history={[Function]}
    setCurrentUser={[Function]}
    setRegisterErrorState={[Function]}
    store={
        Object {
            "clearActions": [Function],
            "dispatch": [Function],
            "getActions": [Function],
            "getState": [Function],
            "replaceReducer": [Function],
            "subscribe": [Function],
          }
    }
/>,
  Symbol(enzyme.__renderer__): Object {
    "batchedUpdates": [Function],
    "getNode": [Function],
    "render": [Function],
    "simulateEvent": [Function],
    "unmount": [Function],
  },
  Symbol(enzyme.__node__): Object {
    "instance": null,
    "key": undefined,
    "nodeType": "host",
    "props": Object {
      "children": Array [
        <form
          className="register-form"
          onSubmit={[Function]}
>
          <h3
                    className="register-title"
          >
                    Sign up
          </h3>
          <input
                    className="register-name"
                    name="name"
                    onChange={[Function]}
                    placeholder="First Name"
                    type="text"
                    value=""
          />
          <input
                    className="register-email"
                    name="email"
                    onChange={[Function]}
                    placeholder="Email"
                    type="text"
                    value=""
          />
          <input
                    className="register-password"
                    name="password"
                    onChange={[Function]}
                    placeholder="Password"
                    type="text"
                    value=""
          />
          <button
                    className="register-btn"
          >
                    Submit
          </button>
</form>,
        <p
          className="error-message"
/>,
      ],
      "className": "register-user",
    },
    "ref": null,
    "rendered": Array [
      Object {
        "instance": null,
        "key": undefined,
        "nodeType": "host",
        "props": Object {
          "children": Array [
            <h3
              className="register-title"
>
              Sign up
</h3>,
            <input
              className="register-name"
              name="name"
              onChange={[Function]}
              placeholder="First Name"
              type="text"
              value=""
/>,
            <input
              className="register-email"
              name="email"
              onChange={[Function]}
              placeholder="Email"
              type="text"
              value=""
/>,
            <input
              className="register-password"
              name="password"
              onChange={[Function]}
              placeholder="Password"
              type="text"
              value=""
/>,
            <button
              className="register-btn"
>
              Submit
</button>,
          ],
          "className": "register-form",
          "onSubmit": [Function],
        },
        "ref": null,
        "rendered": Array [
          Object {
            "instance": null,
            "key": undefined,
            "nodeType": "host",
            "props": Object {
              "children": "Sign up",
              "className": "register-title",
            },
            "ref": null,
            "rendered": "Sign up",
            "type": "h3",
          },
          Object {
            "instance": null,
            "key": undefined,
            "nodeType": "host",
            "props": Object {
              "className": "register-name",
              "name": "name",
              "onChange": [Function],
              "placeholder": "First Name",
              "type": "text",
              "value": "",
            },
            "ref": null,
            "rendered": null,
            "type": "input",
          },
          Object {
            "instance": null,
            "key": undefined,
            "nodeType": "host",
            "props": Object {
              "className": "register-email",
              "name": "email",
              "onChange": [Function],
              "placeholder": "Email",
              "type": "text",
              "value": "",
            },
            "ref": null,
            "rendered": null,
            "type": "input",
          },
          Object {
            "instance": null,
            "key": undefined,
            "nodeType": "host",
            "props": Object {
              "className": "register-password",
              "name": "password",
              "onChange": [Function],
              "placeholder": "Password",
              "type": "text",
              "value": "",
            },
            "ref": null,
            "rendered": null,
            "type": "input",
          },
          Object {
            "instance": null,
            "key": undefined,
            "nodeType": "host",
            "props": Object {
              "children": "Submit",
              "className": "register-btn",
            },
            "ref": null,
            "rendered": "Submit",
            "type": "button",
          },
        ],
        "type": "form",
      },
      Object {
        "instance": null,
        "key": undefined,
        "nodeType": "host",
        "props": Object {
          "children": "",
          "className": "error-message",
        },
        "ref": null,
        "rendered": "",
        "type": "p",
      },
    ],
    "type": "section",
  },
  Symbol(enzyme.__nodes__): Array [
    Object {
      "instance": null,
      "key": undefined,
      "nodeType": "host",
      "props": Object {
        "children": Array [
          <form
            className="register-form"
            onSubmit={[Function]}
>
            <h3
                        className="register-title"
            >
                        Sign up
            </h3>
            <input
                        className="register-name"
                        name="name"
                        onChange={[Function]}
                        placeholder="First Name"
                        type="text"
                        value=""
            />
            <input
                        className="register-email"
                        name="email"
                        onChange={[Function]}
                        placeholder="Email"
                        type="text"
                        value=""
            />
            <input
                        className="register-password"
                        name="password"
                        onChange={[Function]}
                        placeholder="Password"
                        type="text"
                        value=""
            />
            <button
                        className="register-btn"
            >
                        Submit
            </button>
</form>,
          <p
            className="error-message"
/>,
        ],
        "className": "register-user",
      },
      "ref": null,
      "rendered": Array [
        Object {
          "instance": null,
          "key": undefined,
          "nodeType": "host",
          "props": Object {
            "children": Array [
              <h3
                className="register-title"
>
                Sign up
</h3>,
              <input
                className="register-name"
                name="name"
                onChange={[Function]}
                placeholder="First Name"
                type="text"
                value=""
/>,
              <input
                className="register-email"
                name="email"
                onChange={[Function]}
                placeholder="Email"
                type="text"
                value=""
/>,
              <input
                className="register-password"
                name="password"
                onChange={[Function]}
                placeholder="Password"
                type="text"
                value=""
/>,
              <button
                className="register-btn"
>
                Submit
</button>,
            ],
            "className": "register-form",
            "onSubmit": [Function],
          },
          "ref": null,
          "rendered": Array [
            Object {
              "instance": null,
              "key": undefined,
              "nodeType": "host",
              "props": Object {
                "children": "Sign up",
                "className": "register-title",
              },
              "ref": null,
              "rendered": "Sign up",
              "type": "h3",
            },
            Object {
              "instance": null,
              "key": undefined,
              "nodeType": "host",
              "props": Object {
                "className": "register-name",
                "name": "name",
                "onChange": [Function],
                "placeholder": "First Name",
                "type": "text",
                "value": "",
              },
              "ref": null,
              "rendered": null,
              "type": "input",
            },
            Object {
              "instance": null,
              "key": undefined,
              "nodeType": "host",
              "props": Object {
                "className": "register-email",
                "name": "email",
                "onChange": [Function],
                "placeholder": "Email",
                "type": "text",
                "value": "",
              },
              "ref": null,
              "rendered": null,
              "type": "input",
            },
            Object {
              "instance": null,
              "key": undefined,
              "nodeType": "host",
              "props": Object {
                "className": "register-password",
                "name": "password",
                "onChange": [Function],
                "placeholder": "Password",
                "type": "text",
                "value": "",
              },
              "ref": null,
              "rendered": null,
              "type": "input",
            },
            Object {
              "instance": null,
              "key": undefined,
              "nodeType": "host",
              "props": Object {
                "children": "Submit",
                "className": "register-btn",
              },
              "ref": null,
              "rendered": "Submit",
              "type": "button",
            },
          ],
          "type": "form",
        },
        Object {
          "instance": null,
          "key": undefined,
          "nodeType": "host",
          "props": Object {
            "children": "",
            "className": "error-message",
          },
          "ref": null,
          "rendered": "",
          "type": "p",
        },
      ],
      "type": "section",
    },
  ],
  Symbol(enzyme.__options__): Object {
    "adapter": ReactSixteenAdapter {
      "options": Object {
        "enableComponentDidUpdateOnSetState": true,
        "lifecycles": Object {
          "componentDidUpdate": Object {
            "onSetState": true,
          },
          "getDerivedStateFromProps": true,
          "getSnapshotBeforeUpdate": true,
          "setState": Object {
            "skipsComponentDidUpdateOnNullish": true,
          },
        },
      },
    },
    "attachTo": undefined,
    "hydrateIn": undefined,
  },
}
`;
